Command line invocation:
    /Applications/Xcode.app/Contents/Developer/usr/bin/xcodebuild -project AudiobookPlayer.xcodeproj -scheme AudiobookPlayer -destination "platform=iOS Simulator,name=iPhone 17" build

Resolve Package Graph


Resolved source packages:
  ZIPFoundation: https://github.com/weichsel/ZIPFoundation.git @ 0.9.20
  GRDB: https://github.com/groue/GRDB.swift.git @ 7.8.0

ComputePackagePrebuildTargetDependencyGraph

Prepare packages

CreateBuildRequest

SendProjectDescription

CreateBuildOperation

ComputeTargetDependencyGraph
note: Building targets in dependency order
note: Target dependency graph (8 targets)
    Target 'AudiobookPlayer' in project 'AudiobookPlayer'
        ➜ Explicit dependency on target 'GRDB' in project 'GRDB'
        ➜ Explicit dependency on target 'ZIPFoundation' in project 'ZIPFoundation'
    Target 'ZIPFoundation' in project 'ZIPFoundation'
        ➜ Explicit dependency on target 'ZIPFoundation' in project 'ZIPFoundation'
        ➜ Explicit dependency on target 'ZIPFoundation_ZIPFoundation' in project 'ZIPFoundation'
    Target 'ZIPFoundation' in project 'ZIPFoundation'
        ➜ Explicit dependency on target 'ZIPFoundation_ZIPFoundation' in project 'ZIPFoundation'
    Target 'ZIPFoundation_ZIPFoundation' in project 'ZIPFoundation' (no dependencies)
    Target 'GRDB' in project 'GRDB'
        ➜ Explicit dependency on target 'GRDB' in project 'GRDB'
        ➜ Explicit dependency on target 'GRDB_GRDB' in project 'GRDB'
    Target 'GRDB' in project 'GRDB'
        ➜ Explicit dependency on target 'GRDB_GRDB' in project 'GRDB'
        ➜ Explicit dependency on target 'GRDBSQLite' in project 'GRDB'
    Target 'GRDBSQLite' in project 'GRDB' (no dependencies)
    Target 'GRDB_GRDB' in project 'GRDB' (no dependencies)

GatherProvisioningInputs

CreateBuildDescription

ExecuteExternalTool /Applications/Xcode.app/Contents/Developer/Toolchains/XcodeDefault.xctoolchain/usr/bin/clang -v -E -dM -isysroot /Applications/Xcode.app/Contents/Developer/Platforms/iPhoneSimulator.platform/Developer/SDKs/iPhoneSimulator26.0.sdk -x c -c /dev/null

ExecuteExternalTool /Applications/Xcode.app/Contents/Developer/usr/bin/xcstringstool compile --dry-run --output-directory /Users/senaca/Library/Developer/Xcode/DerivedData/AudiobookPlayer-aqutoaiklelvyvayxmjgbonardxy/Build/Intermediates.noindex/AudiobookPlayer.build/Debug-iphonesimulator/AudiobookPlayer.build /Users/senaca/projects/audiobook-player/AudiobookPlayer/Localizable.xcstrings

ExecuteExternalTool /Applications/Xcode.app/Contents/Developer/Toolchains/XcodeDefault.xctoolchain/usr/bin/swiftc --version

ExecuteExternalTool /Applications/Xcode.app/Contents/Developer/usr/bin/actool --print-asset-tag-combinations --output-format xml1 /Users/senaca/projects/audiobook-player/AudiobookPlayer/Assets.xcassets /Users/senaca/projects/audiobook-player/AudiobookPlayer/Preview Content/Preview Assets.xcassets

ExecuteExternalTool /Applications/Xcode.app/Contents/Developer/usr/bin/actool --version --output-format xml1

ExecuteExternalTool /Applications/Xcode.app/Contents/Developer/Toolchains/XcodeDefault.xctoolchain/usr/bin/ld -version_details

ReadFileContents /Applications/Xcode.app/Contents/Developer/Toolchains/XcodeDefault.xctoolchain/usr/share/docc/features.json

Build description signature: fa8312645a22c24e255d37fb9528c191
Build description path: /Users/senaca/Library/Developer/Xcode/DerivedData/AudiobookPlayer-aqutoaiklelvyvayxmjgbonardxy/Build/Intermediates.noindex/XCBuildData/fa8312645a22c24e255d37fb9528c191.xcbuilddata
error: unable to attach DB: error: accessing build database "/Users/senaca/Library/Developer/Xcode/DerivedData/AudiobookPlayer-aqutoaiklelvyvayxmjgbonardxy/Build/Intermediates.noindex/XCBuildData/build.db": database is locked Possibly there are two concurrent builds running in the same filesystem location.
** BUILD FAILED **


The following build commands failed:
	Building project AudiobookPlayer with scheme AudiobookPlayer
(1 failure)
